
	AgAu	AgHg	AgMn
	AgPb	AgTi	AgUr	AuAg	AuAu	AuHg	AuNp	AuPb
	AuSn	AuUr	CuFe	CuHg	CuMn	CuNp	CuPb	CuTi
	CuUr	FeCu	FeFe	FeMn	FeNp	FePb	FePu	FeTi
	FeUr	HgAg	HgAu	HgCu	HgHg	HgMn	HgSn	HgTi
	MnAg	MnCu	MnFe	MnHg	NpAu	NpCu	NpFe	NpSn
	PbAg	PbAu	PbCu	PbFe	PbPb	PbSn	PbTi	PuFe
	SnAu	SnHg	SnNp	SnPb	SnSn	SnTi	TiAg	TiCu
	TiFe	TiHg	TiPb	TiSn	UrAg	UrAu	UrCu	UrFe

