
	n0-fkbjdn-3971809718987134967
	SnSn ____ CuHg PbFe ____ AuAg ____ AgAu ____ FePb HgCu ____ SnSn
	____ FePb HgCu ____ SnSn ____ CuHg PbFe ____ AuAg ____ AgAu ____
	____ AuAg ____ AgAu ____ FePb HgCu ____ SnSn ____ CuHg PbFe ____
	SnSn ____ CuHg PbFe ____ AuAg ____ AgAu ____ FePb HgCu ____ SnSn
	____ FePb HgCu ____ SnSn ____ CuHg PbFe ____ AuAg ____ AgAu ____
	____ AuAg ____ AgAu ____ FePb HgCu ____ SnSn ____ CuHg PbFe ____

	j23-fkbjdn-3971809718987134967
	____ UrAg ____ PbAu ____ AuPb ____ AgUr ____ FePu HgHg PuFe ____
	____ FePu HgHg PuFe ____ UrAg ____ PbAu ____ AuPb ____ AgUr ____
	____ AuPb ____ AgUr ____ FePu HgHg PuFe ____ UrAg ____ PbAu ____
	____ UrAg ____ PbAu ____ AuPb ____ AgUr ____ FePu HgHg PuFe ____
	____ FePu HgHg PuFe ____ UrAg ____ PbAu ____ AuPb ____ AgUr ____
	____ AuPb ____ AgUr ____ FePu HgHg PuFe ____ UrAg ____ PbAu ____

