
	n0-fkbjdn
	SnSn ____ CuHg PbFe ____ AuAg ____ AgAu ____ FePb HgCu ____ SnSn
	____ FePb HgCu ____ SnSn ____ CuHg PbFe ____ AuAg ____ AgAu ____
	____ AuAg ____ AgAu ____ FePb HgCu ____ SnSn ____ CuHg PbFe ____
	SnSn ____ CuHg PbFe ____ AuAg ____ AgAu ____ FePb HgCu ____ SnSn
	____ FePb HgCu ____ SnSn ____ CuHg PbFe ____ AuAg ____ AgAu ____
	____ AuAg ____ AgAu ____ FePb HgCu ____ SnSn ____ CuHg PbFe ____


	i0-beadgcf
	____ ____ ____ ____ ____ ____ ____ ____ ____ ____ ____ ____ ____
	____ ____ ____ ____ ____ ____ ____ ____ ____ ____ ____ ____ ____
	____ ____ ____ ____ ____ ____ ____ ____ ____ ____ ____ ____ ____
	____ ____ ____ ____ ____ ____ ____ ____ ____ ____ ____ ____ ____
	____ ____ ____ ____ ____ ____ ____ ____ ____ ____ ____ ____ ____
	____ ____ ____ ____ ____ ____ ____ ____ ____ ____ ____ ____ ____
	____ ____ ____ ____ ____ ____ ____ ____ ____ ____ ____ ____ ____

	j2-beadgcf
	PbAu ____ AuPb ____ AgUr ____ FePu HgHg PuFe ____ ____ CuNp PbAu
	HgHg PuFe ____ ____ CuNp PbAu ____ AuPb ____ AgUr ____ FePu HgHg
	AuPb ____ AgUr ____ FePu HgHg PuFe ____ ____ CuNp PbAu ____ AuPb
	____ ____ CuNp PbAu ____ AuPb ____ AgUr ____ FePu HgHg PuFe ____
	AgUr ____ FePu HgHg PuFe ____ ____ CuNp PbAu ____ AuPb ____ AgUr
	CuNp PbAu ____ AuPb ____ AgUr ____ FePu HgHg PuFe ____ ____ CuNp
	FePu HgHg PuFe ____ ____ CuNp PbAu ____ AuPb ____ AgUr ____ FePu

	j3-beadgcf
	PbAg ____ AuAu ____ AgPb ____ FeUr HgSn ____ SnHg UrFe ____ PbAg
	HgSn ____ SnHg UrFe ____ PbAg ____ AuAu ____ AgPb ____ FeUr HgSn
	AuAu ____ AgPb ____ FeUr HgSn ____ SnHg UrFe ____ PbAg ____ AuAu
	SnHg UrFe ____ PbAg ____ AuAu ____ AgPb ____ FeUr HgSn ____ SnHg
	AgPb ____ FeUr HgSn ____ SnHg UrFe ____ PbAg ____ AuAu ____ AgPb
	____ PbAg ____ AuAu ____ AgPb ____ FeUr HgSn ____ SnHg UrFe ____
	FeUr HgSn ____ SnHg UrFe ____ PbAg ____ AuAu ____ AgPb ____ FeUr

	j5-beadgcf
	TiFe FeTi ____ ____ SnAu ____ CuPb PbCu ____ AuSn ____ AgHg TiFe
	PbCu ____ AuSn ____ AgHg TiFe FeTi ____ ____ SnAu ____ CuPb PbCu
	____ ____ SnAu ____ CuPb PbCu ____ AuSn ____ AgHg TiFe FeTi ____
	AuSn ____ AgHg TiFe FeTi ____ ____ SnAu ____ CuPb PbCu ____ AuSn
	SnAu ____ CuPb PbCu ____ AuSn ____ AgHg TiFe FeTi ____ ____ SnAu
	AgHg TiFe FeTi ____ ____ SnAu ____ CuPb PbCu ____ AuSn ____ AgHg
	CuPb PbCu ____ AuSn ____ AgHg TiFe FeTi ____ ____ SnAu ____ CuPb

	j6-beadgcf
	PbSn ____ AuHg NpFe ____ ____ FeNp HgAu ____ SnPb ____ CuUr PbSn
	HgAu ____ SnPb ____ CuUr PbSn ____ AuHg NpFe ____ ____ FeNp HgAu
	AuHg NpFe ____ ____ FeNp HgAu ____ SnPb ____ CuUr PbSn ____ AuHg
	SnPb ____ CuUr PbSn ____ AuHg NpFe ____ ____ FeNp HgAu ____ SnPb
	____ ____ FeNp HgAu ____ SnPb ____ CuUr PbSn ____ AuHg NpFe ____
	CuUr PbSn ____ AuHg NpFe ____ ____ FeNp HgAu ____ SnPb ____ CuUr
	FeNp HgAu ____ SnPb ____ CuUr PbSn ____ AuHg NpFe ____ ____ FeNp

	k1-beadgcf
	UrFe ____ PbAg ____ AuAu ____ AgPb ____ FeUr HgSn ____ SnHg UrFe
	____ FeUr HgSn ____ SnHg UrFe ____ PbAg ____ AuAu ____ AgPb ____
	PbAg ____ AuAu ____ AgPb ____ FeUr HgSn ____ SnHg UrFe ____ PbAg
	HgSn ____ SnHg UrFe ____ PbAg ____ AuAu ____ AgPb ____ FeUr HgSn
	AuAu ____ AgPb ____ FeUr HgSn ____ SnHg UrFe ____ PbAg ____ AuAu
	SnHg UrFe ____ PbAg ____ AuAu ____ AgPb ____ FeUr HgSn ____ SnHg
	AgPb ____ FeUr HgSn ____ SnHg UrFe ____ PbAg ____ AuAu ____ AgPb

	k2-beadgcf
	PuFe ____ UrAg ____ PbAu ____ AuPb NpCu ____ ____ FePu HgHg PuFe
	NpCu ____ ____ FePu HgHg PuFe ____ UrAg ____ PbAu ____ AuPb NpCu
	UrAg ____ PbAu ____ AuPb NpCu ____ ____ FePu HgHg PuFe ____ UrAg
	____ FePu HgHg PuFe ____ UrAg ____ PbAu ____ AuPb NpCu ____ ____
	PbAu ____ AuPb NpCu ____ ____ FePu HgHg PuFe ____ UrAg ____ PbAu
	HgHg PuFe ____ UrAg ____ PbAu ____ AuPb NpCu ____ ____ FePu HgHg
	AuPb NpCu ____ ____ FePu HgHg PuFe ____ UrAg ____ PbAu ____ AuPb

	k5-beadgcf
	NpFe ____ ____ FeNp HgAu ____ SnPb UrCu ____ PbSn ____ AuHg NpFe
	UrCu ____ PbSn ____ AuHg NpFe ____ ____ FeNp HgAu ____ SnPb UrCu
	____ FeNp HgAu ____ SnPb UrCu ____ PbSn ____ AuHg NpFe ____ ____
	PbSn ____ AuHg NpFe ____ ____ FeNp HgAu ____ SnPb UrCu ____ PbSn
	HgAu ____ SnPb UrCu ____ PbSn ____ AuHg NpFe ____ ____ FeNp HgAu
	AuHg NpFe ____ ____ FeNp HgAu ____ SnPb UrCu ____ PbSn ____ AuHg
	SnPb UrCu ____ PbSn ____ AuHg NpFe ____ ____ FeNp HgAu ____ SnPb

	k6-beadgcf
	PbCu ____ AuSn ____ ____ TiFe FeTi HgAg ____ SnAu ____ CuPb PbCu
	HgAg ____ SnAu ____ CuPb PbCu ____ AuSn ____ ____ TiFe FeTi HgAg
	AuSn ____ ____ TiFe FeTi HgAg ____ SnAu ____ CuPb PbCu ____ AuSn
	SnAu ____ CuPb PbCu ____ AuSn ____ ____ TiFe FeTi HgAg ____ SnAu
	____ TiFe FeTi HgAg ____ SnAu ____ CuPb PbCu ____ AuSn ____ ____
	CuPb PbCu ____ AuSn ____ ____ TiFe FeTi HgAg ____ SnAu ____ CuPb
	FeTi HgAg ____ SnAu ____ CuPb PbCu ____ AuSn ____ ____ TiFe FeTi

	n0-beadgcf
	PbFe ____ AuAg ____ AgAu ____ FePb HgCu ____ SnSn ____ CuHg PbFe
	HgCu ____ SnSn ____ CuHg PbFe ____ AuAg ____ AgAu ____ FePb HgCu
	AuAg ____ AgAu ____ FePb HgCu ____ SnSn ____ CuHg PbFe ____ AuAg
	SnSn ____ CuHg PbFe ____ AuAg ____ AgAu ____ FePb HgCu ____ SnSn
	AgAu ____ FePb HgCu ____ SnSn ____ CuHg PbFe ____ AuAg ____ AgAu
	CuHg PbFe ____ AuAg ____ AgAu ____ FePb HgCu ____ SnSn ____ CuHg
	FePb HgCu ____ SnSn ____ CuHg PbFe ____ AuAg ____ AgAu ____ FePb

Excessive

	n0-beadgcf
	PbFe ____ AuAg ____ AgAu ____ FePb HgCu ____ SnSn ____ CuHg PbFe
	HgCu ____ SnSn ____ CuHg PbFe ____ AuAg ____ AgAu ____ FePb HgCu
	AuAg ____ AgAu ____ FePb HgCu ____ SnSn ____ CuHg PbFe ____ AuAg
	SnSn ____ CuHg PbFe ____ AuAg ____ AgAu ____ FePb HgCu ____ SnSn
	AgAu ____ FePb HgCu ____ SnSn ____ CuHg PbFe ____ AuAg ____ AgAu
	CuHg PbFe ____ AuAg ____ AgAu ____ FePb HgCu ____ SnSn ____ CuHg
	FePb HgCu ____ SnSn ____ CuHg PbFe ____ AuAg ____ AgAu ____ FePb

	k9 ?

	j3-beadgcf
	PbAg ____ AuAu ____ AgPb ____ FeUr HgSn ____ SnHg UrFe ____ PbAg
	HgSn ____ SnHg UrFe ____ PbAg ____ AuAu ____ AgPb ____ FeUr HgSn
	AuAu ____ AgPb ____ FeUr HgSn ____ SnHg UrFe ____ PbAg ____ AuAu
	SnHg UrFe ____ PbAg ____ AuAu ____ AgPb ____ FeUr HgSn ____ SnHg
	AgPb ____ FeUr HgSn ____ SnHg UrFe ____ PbAg ____ AuAu ____ AgPb
	____ PbAg ____ AuAu ____ AgPb ____ FeUr HgSn ____ SnHg UrFe ____
	FeUr HgSn ____ SnHg UrFe ____ PbAg ____ AuAu ____ AgPb ____ FeUr

true

	dune exec stoa :help

	dune exec stoa :keys

	dune exec stoa :mars

	dune exec stoa n0 j3

	dune exec stoa :all | sensible-pager
  

	ocaml kolmogorov.ml --help

	ocaml kolmogorov.ml --keys

	ocaml kolmogorov.ml --mars

	ocaml kolmogorov.ml n0 j3

	ocaml kolmogorov.ml --all | sensible-pager
  

	k1	k2	k5	k6

	n0

	j2	j3	j5	j6


	k6	
	n0	
	j2	j3	j6


	i0	j2
	j3	j5	j6	k1	k2	k5	k6	n0

