
	i0-beadgcf
	____ ____ ____ ____ ____ ____ ____ ____ ____ ____ ____ ____ 
	____ ____ ____ ____ ____ ____ ____ ____ ____ ____ ____ ____ 
	____ ____ ____ ____ ____ ____ ____ ____ ____ ____ ____ ____ 
	____ ____ ____ ____ ____ ____ ____ ____ ____ ____ ____ ____ 
	____ ____ ____ ____ ____ ____ ____ ____ ____ ____ ____ ____ 
	____ ____ ____ ____ ____ ____ ____ ____ ____ ____ ____ ____ 
	____ ____ ____ ____ ____ ____ ____ ____ ____ ____ ____ ____ 

	i0-bfbfb
	____ ____ ____ ____ ____ ____ ____ ____ ____ ____ ____ ____ 
	____ ____ ____ ____ ____ ____ ____ ____ ____ ____ ____ ____ 
	____ ____ ____ ____ ____ ____ ____ ____ ____ ____ ____ ____ 
	____ ____ ____ ____ ____ ____ ____ ____ ____ ____ ____ ____ 
	____ ____ ____ ____ ____ ____ ____ ____ ____ ____ ____ ____ 

	i0-cgdae
	____ ____ ____ ____ ____ ____ ____ ____ ____ ____ ____ ____ 
	____ ____ ____ ____ ____ ____ ____ ____ ____ ____ ____ ____ 
	____ ____ ____ ____ ____ ____ ____ ____ ____ ____ ____ ____ 
	____ ____ ____ ____ ____ ____ ____ ____ ____ ____ ____ ____ 
	____ ____ ____ ____ ____ ____ ____ ____ ____ ____ ____ ____ 

	i0-eadgbe
	____ ____ ____ ____ ____ ____ ____ ____ ____ ____ ____ ____ 
	____ ____ ____ ____ ____ ____ ____ ____ ____ ____ ____ ____ 
	____ ____ ____ ____ ____ ____ ____ ____ ____ ____ ____ ____ 
	____ ____ ____ ____ ____ ____ ____ ____ ____ ____ ____ ____ 
	____ ____ ____ ____ ____ ____ ____ ____ ____ ____ ____ ____ 
	____ ____ ____ ____ ____ ____ ____ ____ ____ ____ ____ ____ 

	i0-fkbjdn
	____ ____ ____ ____ ____ ____ ____ ____ ____ ____ ____ ____ 
	____ ____ ____ ____ ____ ____ ____ ____ ____ ____ ____ ____ 
	____ ____ ____ ____ ____ ____ ____ ____ ____ ____ ____ ____ 
	____ ____ ____ ____ ____ ____ ____ ____ ____ ____ ____ ____ 
	____ ____ ____ ____ ____ ____ ____ ____ ____ ____ ____ ____ 
	____ ____ ____ ____ ____ ____ ____ ____ ____ ____ ____ ____ 

	j2-beadgcf
	PbAu ____ AuPb ____ AgUr ____ FePu HgHg PuFe ____ ____ CuNp 
	HgHg PuFe ____ ____ CuNp PbAu ____ AuPb ____ AgUr ____ FePu 
	AuPb ____ AgUr ____ FePu HgHg PuFe ____ ____ CuNp PbAu ____ 
	____ ____ CuNp PbAu ____ AuPb ____ AgUr ____ FePu HgHg PuFe 
	AgUr ____ FePu HgHg PuFe ____ ____ CuNp PbAu ____ AuPb ____ 
	CuNp PbAu ____ AuPb ____ AgUr ____ FePu HgHg PuFe ____ ____ 
	FePu HgHg PuFe ____ ____ CuNp PbAu ____ AuPb ____ AgUr ____ 

	j2-bfbfb
	FePu HgHg PuFe ____ ____ CuNp PbAu ____ AuPb ____ AgUr ____ 
	PbAu ____ AuPb ____ AgUr ____ FePu HgHg PuFe ____ ____ CuNp 
	FePu HgHg PuFe ____ ____ CuNp PbAu ____ AuPb ____ AgUr ____ 
	PbAu ____ AuPb ____ AgUr ____ FePu HgHg PuFe ____ ____ CuNp 
	FePu HgHg PuFe ____ ____ CuNp PbAu ____ AuPb ____ AgUr ____ 

	j2-cgdae
	CuNp PbAu ____ AuPb ____ AgUr ____ FePu HgHg PuFe ____ ____ 
	AgUr ____ FePu HgHg PuFe ____ ____ CuNp PbAu ____ AuPb ____ 
	____ ____ CuNp PbAu ____ AuPb ____ AgUr ____ FePu HgHg PuFe 
	AuPb ____ AgUr ____ FePu HgHg PuFe ____ ____ CuNp PbAu ____ 
	HgHg PuFe ____ ____ CuNp PbAu ____ AuPb ____ AgUr ____ FePu 

	j2-eadgbe
	CuNp PbAu ____ AuPb ____ AgUr ____ FePu HgHg PuFe ____ ____ 
	FePu HgHg PuFe ____ ____ CuNp PbAu ____ AuPb ____ AgUr ____ 
	AuPb ____ AgUr ____ FePu HgHg PuFe ____ ____ CuNp PbAu ____ 
	____ ____ CuNp PbAu ____ AuPb ____ AgUr ____ FePu HgHg PuFe 
	AgUr ____ FePu HgHg PuFe ____ ____ CuNp PbAu ____ AuPb ____ 
	CuNp PbAu ____ AuPb ____ AgUr ____ FePu HgHg PuFe ____ ____ 

	j2-fkbjdn
	____ ____ CuNp PbAu ____ AuPb ____ AgUr ____ FePu HgHg PuFe 
	____ FePu HgHg PuFe ____ ____ CuNp PbAu ____ AuPb ____ AgUr 
	____ AuPb ____ AgUr ____ FePu HgHg PuFe ____ ____ CuNp PbAu 
	____ ____ CuNp PbAu ____ AuPb ____ AgUr ____ FePu HgHg PuFe 
	____ FePu HgHg PuFe ____ ____ CuNp PbAu ____ AuPb ____ AgUr 
	____ AuPb ____ AgUr ____ FePu HgHg PuFe ____ ____ CuNp PbAu 

	j3-beadgcf
	PbAg ____ AuAu ____ AgPb ____ FeUr HgSn ____ SnHg UrFe ____ 
	HgSn ____ SnHg UrFe ____ PbAg ____ AuAu ____ AgPb ____ FeUr 
	AuAu ____ AgPb ____ FeUr HgSn ____ SnHg UrFe ____ PbAg ____ 
	SnHg UrFe ____ PbAg ____ AuAu ____ AgPb ____ FeUr HgSn ____ 
	AgPb ____ FeUr HgSn ____ SnHg UrFe ____ PbAg ____ AuAu ____ 
	____ PbAg ____ AuAu ____ AgPb ____ FeUr HgSn ____ SnHg UrFe 
	FeUr HgSn ____ SnHg UrFe ____ PbAg ____ AuAu ____ AgPb ____ 

	j3-bfbfb
	FeUr HgSn ____ SnHg UrFe ____ PbAg ____ AuAu ____ AgPb ____ 
	PbAg ____ AuAu ____ AgPb ____ FeUr HgSn ____ SnHg UrFe ____ 
	FeUr HgSn ____ SnHg UrFe ____ PbAg ____ AuAu ____ AgPb ____ 
	PbAg ____ AuAu ____ AgPb ____ FeUr HgSn ____ SnHg UrFe ____ 
	FeUr HgSn ____ SnHg UrFe ____ PbAg ____ AuAu ____ AgPb ____ 

	j3-cgdae
	____ PbAg ____ AuAu ____ AgPb ____ FeUr HgSn ____ SnHg UrFe 
	AgPb ____ FeUr HgSn ____ SnHg UrFe ____ PbAg ____ AuAu ____ 
	SnHg UrFe ____ PbAg ____ AuAu ____ AgPb ____ FeUr HgSn ____ 
	AuAu ____ AgPb ____ FeUr HgSn ____ SnHg UrFe ____ PbAg ____ 
	HgSn ____ SnHg UrFe ____ PbAg ____ AuAu ____ AgPb ____ FeUr 

	j3-eadgbe
	____ PbAg ____ AuAu ____ AgPb ____ FeUr HgSn ____ SnHg UrFe 
	FeUr HgSn ____ SnHg UrFe ____ PbAg ____ AuAu ____ AgPb ____ 
	AuAu ____ AgPb ____ FeUr HgSn ____ SnHg UrFe ____ PbAg ____ 
	SnHg UrFe ____ PbAg ____ AuAu ____ AgPb ____ FeUr HgSn ____ 
	AgPb ____ FeUr HgSn ____ SnHg UrFe ____ PbAg ____ AuAu ____ 
	____ PbAg ____ AuAu ____ AgPb ____ FeUr HgSn ____ SnHg UrFe 

	j3-fkbjdn
	SnHg UrFe ____ PbAg ____ AuAu ____ AgPb ____ FeUr HgSn ____ 
	____ FeUr HgSn ____ SnHg UrFe ____ PbAg ____ AuAu ____ AgPb 
	____ AuAu ____ AgPb ____ FeUr HgSn ____ SnHg UrFe ____ PbAg 
	SnHg UrFe ____ PbAg ____ AuAu ____ AgPb ____ FeUr HgSn ____ 
	____ FeUr HgSn ____ SnHg UrFe ____ PbAg ____ AuAu ____ AgPb 
	____ AuAu ____ AgPb ____ FeUr HgSn ____ SnHg UrFe ____ PbAg 

	j5-beadgcf
	TiFe FeTi ____ ____ SnAu ____ CuPb PbCu ____ AuSn ____ AgHg 
	PbCu ____ AuSn ____ AgHg TiFe FeTi ____ ____ SnAu ____ CuPb 
	____ ____ SnAu ____ CuPb PbCu ____ AuSn ____ AgHg TiFe FeTi 
	AuSn ____ AgHg TiFe FeTi ____ ____ SnAu ____ CuPb PbCu ____ 
	SnAu ____ CuPb PbCu ____ AuSn ____ AgHg TiFe FeTi ____ ____ 
	AgHg TiFe FeTi ____ ____ SnAu ____ CuPb PbCu ____ AuSn ____ 
	CuPb PbCu ____ AuSn ____ AgHg TiFe FeTi ____ ____ SnAu ____ 

	j5-bfbfb
	CuPb PbCu ____ AuSn ____ AgHg TiFe FeTi ____ ____ SnAu ____ 
	TiFe FeTi ____ ____ SnAu ____ CuPb PbCu ____ AuSn ____ AgHg 
	CuPb PbCu ____ AuSn ____ AgHg TiFe FeTi ____ ____ SnAu ____ 
	TiFe FeTi ____ ____ SnAu ____ CuPb PbCu ____ AuSn ____ AgHg 
	CuPb PbCu ____ AuSn ____ AgHg TiFe FeTi ____ ____ SnAu ____ 

	j5-cgdae
	AgHg TiFe FeTi ____ ____ SnAu ____ CuPb PbCu ____ AuSn ____ 
	SnAu ____ CuPb PbCu ____ AuSn ____ AgHg TiFe FeTi ____ ____ 
	AuSn ____ AgHg TiFe FeTi ____ ____ SnAu ____ CuPb PbCu ____ 
	____ ____ SnAu ____ CuPb PbCu ____ AuSn ____ AgHg TiFe FeTi 
	PbCu ____ AuSn ____ AgHg TiFe FeTi ____ ____ SnAu ____ CuPb 

	j5-eadgbe
	AgHg TiFe FeTi ____ ____ SnAu ____ CuPb PbCu ____ AuSn ____ 
	CuPb PbCu ____ AuSn ____ AgHg TiFe FeTi ____ ____ SnAu ____ 
	____ ____ SnAu ____ CuPb PbCu ____ AuSn ____ AgHg TiFe FeTi 
	AuSn ____ AgHg TiFe FeTi ____ ____ SnAu ____ CuPb PbCu ____ 
	SnAu ____ CuPb PbCu ____ AuSn ____ AgHg TiFe FeTi ____ ____ 
	AgHg TiFe FeTi ____ ____ SnAu ____ CuPb PbCu ____ AuSn ____ 

	j5-fkbjdn
	AuSn ____ AgHg TiFe FeTi ____ ____ SnAu ____ CuPb PbCu ____ 
	____ CuPb PbCu ____ AuSn ____ AgHg TiFe FeTi ____ ____ SnAu 
	FeTi ____ ____ SnAu ____ CuPb PbCu ____ AuSn ____ AgHg TiFe 
	AuSn ____ AgHg TiFe FeTi ____ ____ SnAu ____ CuPb PbCu ____ 
	____ CuPb PbCu ____ AuSn ____ AgHg TiFe FeTi ____ ____ SnAu 
	FeTi ____ ____ SnAu ____ CuPb PbCu ____ AuSn ____ AgHg TiFe 

	j6-beadgcf
	PbSn ____ AuHg NpFe ____ ____ FeNp HgAu ____ SnPb ____ CuUr 
	HgAu ____ SnPb ____ CuUr PbSn ____ AuHg NpFe ____ ____ FeNp 
	AuHg NpFe ____ ____ FeNp HgAu ____ SnPb ____ CuUr PbSn ____ 
	SnPb ____ CuUr PbSn ____ AuHg NpFe ____ ____ FeNp HgAu ____ 
	____ ____ FeNp HgAu ____ SnPb ____ CuUr PbSn ____ AuHg NpFe 
	CuUr PbSn ____ AuHg NpFe ____ ____ FeNp HgAu ____ SnPb ____ 
	FeNp HgAu ____ SnPb ____ CuUr PbSn ____ AuHg NpFe ____ ____ 

	j6-bfbfb
	FeNp HgAu ____ SnPb ____ CuUr PbSn ____ AuHg NpFe ____ ____ 
	PbSn ____ AuHg NpFe ____ ____ FeNp HgAu ____ SnPb ____ CuUr 
	FeNp HgAu ____ SnPb ____ CuUr PbSn ____ AuHg NpFe ____ ____ 
	PbSn ____ AuHg NpFe ____ ____ FeNp HgAu ____ SnPb ____ CuUr 
	FeNp HgAu ____ SnPb ____ CuUr PbSn ____ AuHg NpFe ____ ____ 

	j6-cgdae
	CuUr PbSn ____ AuHg NpFe ____ ____ FeNp HgAu ____ SnPb ____ 
	____ ____ FeNp HgAu ____ SnPb ____ CuUr PbSn ____ AuHg NpFe 
	SnPb ____ CuUr PbSn ____ AuHg NpFe ____ ____ FeNp HgAu ____ 
	AuHg NpFe ____ ____ FeNp HgAu ____ SnPb ____ CuUr PbSn ____ 
	HgAu ____ SnPb ____ CuUr PbSn ____ AuHg NpFe ____ ____ FeNp 

	j6-eadgbe
	CuUr PbSn ____ AuHg NpFe ____ ____ FeNp HgAu ____ SnPb ____ 
	FeNp HgAu ____ SnPb ____ CuUr PbSn ____ AuHg NpFe ____ ____ 
	AuHg NpFe ____ ____ FeNp HgAu ____ SnPb ____ CuUr PbSn ____ 
	SnPb ____ CuUr PbSn ____ AuHg NpFe ____ ____ FeNp HgAu ____ 
	____ ____ FeNp HgAu ____ SnPb ____ CuUr PbSn ____ AuHg NpFe 
	CuUr PbSn ____ AuHg NpFe ____ ____ FeNp HgAu ____ SnPb ____ 

	j6-fkbjdn
	SnPb ____ CuUr PbSn ____ AuHg NpFe ____ ____ FeNp HgAu ____ 
	____ FeNp HgAu ____ SnPb ____ CuUr PbSn ____ AuHg NpFe ____ 
	____ AuHg NpFe ____ ____ FeNp HgAu ____ SnPb ____ CuUr PbSn 
	SnPb ____ CuUr PbSn ____ AuHg NpFe ____ ____ FeNp HgAu ____ 
	____ FeNp HgAu ____ SnPb ____ CuUr PbSn ____ AuHg NpFe ____ 
	____ AuHg NpFe ____ ____ FeNp HgAu ____ SnPb ____ CuUr PbSn 

	k1-beadgcf
	UrFe ____ PbAg ____ AuAu ____ AgPb ____ FeUr HgSn ____ SnHg 
	____ FeUr HgSn ____ SnHg UrFe ____ PbAg ____ AuAu ____ AgPb 
	PbAg ____ AuAu ____ AgPb ____ FeUr HgSn ____ SnHg UrFe ____ 
	HgSn ____ SnHg UrFe ____ PbAg ____ AuAu ____ AgPb ____ FeUr 
	AuAu ____ AgPb ____ FeUr HgSn ____ SnHg UrFe ____ PbAg ____ 
	SnHg UrFe ____ PbAg ____ AuAu ____ AgPb ____ FeUr HgSn ____ 
	AgPb ____ FeUr HgSn ____ SnHg UrFe ____ PbAg ____ AuAu ____ 

	k1-bfbfb
	AgPb ____ FeUr HgSn ____ SnHg UrFe ____ PbAg ____ AuAu ____ 
	UrFe ____ PbAg ____ AuAu ____ AgPb ____ FeUr HgSn ____ SnHg 
	AgPb ____ FeUr HgSn ____ SnHg UrFe ____ PbAg ____ AuAu ____ 
	UrFe ____ PbAg ____ AuAu ____ AgPb ____ FeUr HgSn ____ SnHg 
	AgPb ____ FeUr HgSn ____ SnHg UrFe ____ PbAg ____ AuAu ____ 

	k1-cgdae
	SnHg UrFe ____ PbAg ____ AuAu ____ AgPb ____ FeUr HgSn ____ 
	AuAu ____ AgPb ____ FeUr HgSn ____ SnHg UrFe ____ PbAg ____ 
	HgSn ____ SnHg UrFe ____ PbAg ____ AuAu ____ AgPb ____ FeUr 
	PbAg ____ AuAu ____ AgPb ____ FeUr HgSn ____ SnHg UrFe ____ 
	____ FeUr HgSn ____ SnHg UrFe ____ PbAg ____ AuAu ____ AgPb 

	k1-eadgbe
	SnHg UrFe ____ PbAg ____ AuAu ____ AgPb ____ FeUr HgSn ____ 
	AgPb ____ FeUr HgSn ____ SnHg UrFe ____ PbAg ____ AuAu ____ 
	PbAg ____ AuAu ____ AgPb ____ FeUr HgSn ____ SnHg UrFe ____ 
	HgSn ____ SnHg UrFe ____ PbAg ____ AuAu ____ AgPb ____ FeUr 
	AuAu ____ AgPb ____ FeUr HgSn ____ SnHg UrFe ____ PbAg ____ 
	SnHg UrFe ____ PbAg ____ AuAu ____ AgPb ____ FeUr HgSn ____ 

	k1-fkbjdn
	HgSn ____ SnHg UrFe ____ PbAg ____ AuAu ____ AgPb ____ FeUr 
	____ AgPb ____ FeUr HgSn ____ SnHg UrFe ____ PbAg ____ AuAu 
	____ PbAg ____ AuAu ____ AgPb ____ FeUr HgSn ____ SnHg UrFe 
	HgSn ____ SnHg UrFe ____ PbAg ____ AuAu ____ AgPb ____ FeUr 
	____ AgPb ____ FeUr HgSn ____ SnHg UrFe ____ PbAg ____ AuAu 
	____ PbAg ____ AuAu ____ AgPb ____ FeUr HgSn ____ SnHg UrFe 

	k2-beadgcf
	PuFe ____ UrAg ____ PbAu ____ AuPb NpCu ____ ____ FePu HgHg 
	NpCu ____ ____ FePu HgHg PuFe ____ UrAg ____ PbAu ____ AuPb 
	UrAg ____ PbAu ____ AuPb NpCu ____ ____ FePu HgHg PuFe ____ 
	____ FePu HgHg PuFe ____ UrAg ____ PbAu ____ AuPb NpCu ____ 
	PbAu ____ AuPb NpCu ____ ____ FePu HgHg PuFe ____ UrAg ____ 
	HgHg PuFe ____ UrAg ____ PbAu ____ AuPb NpCu ____ ____ FePu 
	AuPb NpCu ____ ____ FePu HgHg PuFe ____ UrAg ____ PbAu ____ 

	k2-bfbfb
	AuPb NpCu ____ ____ FePu HgHg PuFe ____ UrAg ____ PbAu ____ 
	PuFe ____ UrAg ____ PbAu ____ AuPb NpCu ____ ____ FePu HgHg 
	AuPb NpCu ____ ____ FePu HgHg PuFe ____ UrAg ____ PbAu ____ 
	PuFe ____ UrAg ____ PbAu ____ AuPb NpCu ____ ____ FePu HgHg 
	AuPb NpCu ____ ____ FePu HgHg PuFe ____ UrAg ____ PbAu ____ 

	k2-cgdae
	HgHg PuFe ____ UrAg ____ PbAu ____ AuPb NpCu ____ ____ FePu 
	PbAu ____ AuPb NpCu ____ ____ FePu HgHg PuFe ____ UrAg ____ 
	____ FePu HgHg PuFe ____ UrAg ____ PbAu ____ AuPb NpCu ____ 
	UrAg ____ PbAu ____ AuPb NpCu ____ ____ FePu HgHg PuFe ____ 
	NpCu ____ ____ FePu HgHg PuFe ____ UrAg ____ PbAu ____ AuPb 

	k2-eadgbe
	HgHg PuFe ____ UrAg ____ PbAu ____ AuPb NpCu ____ ____ FePu 
	AuPb NpCu ____ ____ FePu HgHg PuFe ____ UrAg ____ PbAu ____ 
	UrAg ____ PbAu ____ AuPb NpCu ____ ____ FePu HgHg PuFe ____ 
	____ FePu HgHg PuFe ____ UrAg ____ PbAu ____ AuPb NpCu ____ 
	PbAu ____ AuPb NpCu ____ ____ FePu HgHg PuFe ____ UrAg ____ 
	HgHg PuFe ____ UrAg ____ PbAu ____ AuPb NpCu ____ ____ FePu 

	k2-fkbjdn
	____ FePu HgHg PuFe ____ UrAg ____ PbAu ____ AuPb NpCu ____ 
	____ AuPb NpCu ____ ____ FePu HgHg PuFe ____ UrAg ____ PbAu 
	____ UrAg ____ PbAu ____ AuPb NpCu ____ ____ FePu HgHg PuFe 
	____ FePu HgHg PuFe ____ UrAg ____ PbAu ____ AuPb NpCu ____ 
	____ AuPb NpCu ____ ____ FePu HgHg PuFe ____ UrAg ____ PbAu 
	____ UrAg ____ PbAu ____ AuPb NpCu ____ ____ FePu HgHg PuFe 

	k5-beadgcf
	NpFe ____ ____ FeNp HgAu ____ SnPb UrCu ____ PbSn ____ AuHg 
	UrCu ____ PbSn ____ AuHg NpFe ____ ____ FeNp HgAu ____ SnPb 
	____ FeNp HgAu ____ SnPb UrCu ____ PbSn ____ AuHg NpFe ____ 
	PbSn ____ AuHg NpFe ____ ____ FeNp HgAu ____ SnPb UrCu ____ 
	HgAu ____ SnPb UrCu ____ PbSn ____ AuHg NpFe ____ ____ FeNp 
	AuHg NpFe ____ ____ FeNp HgAu ____ SnPb UrCu ____ PbSn ____ 
	SnPb UrCu ____ PbSn ____ AuHg NpFe ____ ____ FeNp HgAu ____ 

	k5-bfbfb
	SnPb UrCu ____ PbSn ____ AuHg NpFe ____ ____ FeNp HgAu ____ 
	NpFe ____ ____ FeNp HgAu ____ SnPb UrCu ____ PbSn ____ AuHg 
	SnPb UrCu ____ PbSn ____ AuHg NpFe ____ ____ FeNp HgAu ____ 
	NpFe ____ ____ FeNp HgAu ____ SnPb UrCu ____ PbSn ____ AuHg 
	SnPb UrCu ____ PbSn ____ AuHg NpFe ____ ____ FeNp HgAu ____ 

	k5-cgdae
	AuHg NpFe ____ ____ FeNp HgAu ____ SnPb UrCu ____ PbSn ____ 
	HgAu ____ SnPb UrCu ____ PbSn ____ AuHg NpFe ____ ____ FeNp 
	PbSn ____ AuHg NpFe ____ ____ FeNp HgAu ____ SnPb UrCu ____ 
	____ FeNp HgAu ____ SnPb UrCu ____ PbSn ____ AuHg NpFe ____ 
	UrCu ____ PbSn ____ AuHg NpFe ____ ____ FeNp HgAu ____ SnPb 

	k5-eadgbe
	AuHg NpFe ____ ____ FeNp HgAu ____ SnPb UrCu ____ PbSn ____ 
	SnPb UrCu ____ PbSn ____ AuHg NpFe ____ ____ FeNp HgAu ____ 
	____ FeNp HgAu ____ SnPb UrCu ____ PbSn ____ AuHg NpFe ____ 
	PbSn ____ AuHg NpFe ____ ____ FeNp HgAu ____ SnPb UrCu ____ 
	HgAu ____ SnPb UrCu ____ PbSn ____ AuHg NpFe ____ ____ FeNp 
	AuHg NpFe ____ ____ FeNp HgAu ____ SnPb UrCu ____ PbSn ____ 

	k5-fkbjdn
	PbSn ____ AuHg NpFe ____ ____ FeNp HgAu ____ SnPb UrCu ____ 
	____ SnPb UrCu ____ PbSn ____ AuHg NpFe ____ ____ FeNp HgAu 
	____ ____ FeNp HgAu ____ SnPb UrCu ____ PbSn ____ AuHg NpFe 
	PbSn ____ AuHg NpFe ____ ____ FeNp HgAu ____ SnPb UrCu ____ 
	____ SnPb UrCu ____ PbSn ____ AuHg NpFe ____ ____ FeNp HgAu 
	____ ____ FeNp HgAu ____ SnPb UrCu ____ PbSn ____ AuHg NpFe 

	k6-beadgcf
	PbCu ____ AuSn ____ ____ TiFe FeTi HgAg ____ SnAu ____ CuPb 
	HgAg ____ SnAu ____ CuPb PbCu ____ AuSn ____ ____ TiFe FeTi 
	AuSn ____ ____ TiFe FeTi HgAg ____ SnAu ____ CuPb PbCu ____ 
	SnAu ____ CuPb PbCu ____ AuSn ____ ____ TiFe FeTi HgAg ____ 
	____ TiFe FeTi HgAg ____ SnAu ____ CuPb PbCu ____ AuSn ____ 
	CuPb PbCu ____ AuSn ____ ____ TiFe FeTi HgAg ____ SnAu ____ 
	FeTi HgAg ____ SnAu ____ CuPb PbCu ____ AuSn ____ ____ TiFe 

	k6-bfbfb
	FeTi HgAg ____ SnAu ____ CuPb PbCu ____ AuSn ____ ____ TiFe 
	PbCu ____ AuSn ____ ____ TiFe FeTi HgAg ____ SnAu ____ CuPb 
	FeTi HgAg ____ SnAu ____ CuPb PbCu ____ AuSn ____ ____ TiFe 
	PbCu ____ AuSn ____ ____ TiFe FeTi HgAg ____ SnAu ____ CuPb 
	FeTi HgAg ____ SnAu ____ CuPb PbCu ____ AuSn ____ ____ TiFe 

	k6-cgdae
	CuPb PbCu ____ AuSn ____ ____ TiFe FeTi HgAg ____ SnAu ____ 
	____ TiFe FeTi HgAg ____ SnAu ____ CuPb PbCu ____ AuSn ____ 
	SnAu ____ CuPb PbCu ____ AuSn ____ ____ TiFe FeTi HgAg ____ 
	AuSn ____ ____ TiFe FeTi HgAg ____ SnAu ____ CuPb PbCu ____ 
	HgAg ____ SnAu ____ CuPb PbCu ____ AuSn ____ ____ TiFe FeTi 

	k6-eadgbe
	CuPb PbCu ____ AuSn ____ ____ TiFe FeTi HgAg ____ SnAu ____ 
	FeTi HgAg ____ SnAu ____ CuPb PbCu ____ AuSn ____ ____ TiFe 
	AuSn ____ ____ TiFe FeTi HgAg ____ SnAu ____ CuPb PbCu ____ 
	SnAu ____ CuPb PbCu ____ AuSn ____ ____ TiFe FeTi HgAg ____ 
	____ TiFe FeTi HgAg ____ SnAu ____ CuPb PbCu ____ AuSn ____ 
	CuPb PbCu ____ AuSn ____ ____ TiFe FeTi HgAg ____ SnAu ____ 

	k6-fkbjdn
	SnAu ____ CuPb PbCu ____ AuSn ____ ____ TiFe FeTi HgAg ____ 
	TiFe FeTi HgAg ____ SnAu ____ CuPb PbCu ____ AuSn ____ ____ 
	____ AuSn ____ ____ TiFe FeTi HgAg ____ SnAu ____ CuPb PbCu 
	SnAu ____ CuPb PbCu ____ AuSn ____ ____ TiFe FeTi HgAg ____ 
	TiFe FeTi HgAg ____ SnAu ____ CuPb PbCu ____ AuSn ____ ____ 
	____ AuSn ____ ____ TiFe FeTi HgAg ____ SnAu ____ CuPb PbCu 

	n0-beadgcf
	PbFe ____ AuAg ____ AgAu ____ FePb HgCu ____ SnSn ____ CuHg 
	HgCu ____ SnSn ____ CuHg PbFe ____ AuAg ____ AgAu ____ FePb 
	AuAg ____ AgAu ____ FePb HgCu ____ SnSn ____ CuHg PbFe ____ 
	SnSn ____ CuHg PbFe ____ AuAg ____ AgAu ____ FePb HgCu ____ 
	AgAu ____ FePb HgCu ____ SnSn ____ CuHg PbFe ____ AuAg ____ 
	CuHg PbFe ____ AuAg ____ AgAu ____ FePb HgCu ____ SnSn ____ 
	FePb HgCu ____ SnSn ____ CuHg PbFe ____ AuAg ____ AgAu ____ 

	n0-bfbfb
	FePb HgCu ____ SnSn ____ CuHg PbFe ____ AuAg ____ AgAu ____ 
	PbFe ____ AuAg ____ AgAu ____ FePb HgCu ____ SnSn ____ CuHg 
	FePb HgCu ____ SnSn ____ CuHg PbFe ____ AuAg ____ AgAu ____ 
	PbFe ____ AuAg ____ AgAu ____ FePb HgCu ____ SnSn ____ CuHg 
	FePb HgCu ____ SnSn ____ CuHg PbFe ____ AuAg ____ AgAu ____ 

	n0-cgdae
	CuHg PbFe ____ AuAg ____ AgAu ____ FePb HgCu ____ SnSn ____ 
	AgAu ____ FePb HgCu ____ SnSn ____ CuHg PbFe ____ AuAg ____ 
	SnSn ____ CuHg PbFe ____ AuAg ____ AgAu ____ FePb HgCu ____ 
	AuAg ____ AgAu ____ FePb HgCu ____ SnSn ____ CuHg PbFe ____ 
	HgCu ____ SnSn ____ CuHg PbFe ____ AuAg ____ AgAu ____ FePb 

	n0-eadgbe
	CuHg PbFe ____ AuAg ____ AgAu ____ FePb HgCu ____ SnSn ____ 
	FePb HgCu ____ SnSn ____ CuHg PbFe ____ AuAg ____ AgAu ____ 
	AuAg ____ AgAu ____ FePb HgCu ____ SnSn ____ CuHg PbFe ____ 
	SnSn ____ CuHg PbFe ____ AuAg ____ AgAu ____ FePb HgCu ____ 
	AgAu ____ FePb HgCu ____ SnSn ____ CuHg PbFe ____ AuAg ____ 
	CuHg PbFe ____ AuAg ____ AgAu ____ FePb HgCu ____ SnSn ____ 

	n0-fkbjdn
	SnSn ____ CuHg PbFe ____ AuAg ____ AgAu ____ FePb HgCu ____ 
	____ FePb HgCu ____ SnSn ____ CuHg PbFe ____ AuAg ____ AgAu 
	____ AuAg ____ AgAu ____ FePb HgCu ____ SnSn ____ CuHg PbFe 
	SnSn ____ CuHg PbFe ____ AuAg ____ AgAu ____ FePb HgCu ____ 
	____ FePb HgCu ____ SnSn ____ CuHg PbFe ____ AuAg ____ AgAu 
	____ AuAg ____ AgAu ____ FePb HgCu ____ SnSn ____ CuHg PbFe 


	n0-beadgcf
	PbFe ____ AuAg ____ AgAu ____ FePb HgCu ____ SnSn ____ CuHg 
	HgCu ____ SnSn ____ CuHg PbFe ____ AuAg ____ AgAu ____ FePb 
	AuAg ____ AgAu ____ FePb HgCu ____ SnSn ____ CuHg PbFe ____ 
	SnSn ____ CuHg PbFe ____ AuAg ____ AgAu ____ FePb HgCu ____ 
	AgAu ____ FePb HgCu ____ SnSn ____ CuHg PbFe ____ AuAg ____ 
	CuHg PbFe ____ AuAg ____ AgAu ____ FePb HgCu ____ SnSn ____ 
	FePb HgCu ____ SnSn ____ CuHg PbFe ____ AuAg ____ AgAu ____ 

	n0-bfbfb
	FePb HgCu ____ SnSn ____ CuHg PbFe ____ AuAg ____ AgAu ____ 
	PbFe ____ AuAg ____ AgAu ____ FePb HgCu ____ SnSn ____ CuHg 
	FePb HgCu ____ SnSn ____ CuHg PbFe ____ AuAg ____ AgAu ____ 
	PbFe ____ AuAg ____ AgAu ____ FePb HgCu ____ SnSn ____ CuHg 
	FePb HgCu ____ SnSn ____ CuHg PbFe ____ AuAg ____ AgAu ____ 

	n0-cgdae
	CuHg PbFe ____ AuAg ____ AgAu ____ FePb HgCu ____ SnSn ____ 
	AgAu ____ FePb HgCu ____ SnSn ____ CuHg PbFe ____ AuAg ____ 
	SnSn ____ CuHg PbFe ____ AuAg ____ AgAu ____ FePb HgCu ____ 
	AuAg ____ AgAu ____ FePb HgCu ____ SnSn ____ CuHg PbFe ____ 
	HgCu ____ SnSn ____ CuHg PbFe ____ AuAg ____ AgAu ____ FePb 

	n0-eadgbe
	CuHg PbFe ____ AuAg ____ AgAu ____ FePb HgCu ____ SnSn ____ 
	FePb HgCu ____ SnSn ____ CuHg PbFe ____ AuAg ____ AgAu ____ 
	AuAg ____ AgAu ____ FePb HgCu ____ SnSn ____ CuHg PbFe ____ 
	SnSn ____ CuHg PbFe ____ AuAg ____ AgAu ____ FePb HgCu ____ 
	AgAu ____ FePb HgCu ____ SnSn ____ CuHg PbFe ____ AuAg ____ 
	CuHg PbFe ____ AuAg ____ AgAu ____ FePb HgCu ____ SnSn ____ 

	n0-fkbjdn
	SnSn ____ CuHg PbFe ____ AuAg ____ AgAu ____ FePb HgCu ____ 
	____ FePb HgCu ____ SnSn ____ CuHg PbFe ____ AuAg ____ AgAu 
	____ AuAg ____ AgAu ____ FePb HgCu ____ SnSn ____ CuHg PbFe 
	SnSn ____ CuHg PbFe ____ AuAg ____ AgAu ____ FePb HgCu ____ 
	____ FePb HgCu ____ SnSn ____ CuHg PbFe ____ AuAg ____ AgAu 
	____ AuAg ____ AgAu ____ FePb HgCu ____ SnSn ____ CuHg PbFe 

	k9 ?

	j3-beadgcf
	PbAg ____ AuAu ____ AgPb ____ FeUr HgSn ____ SnHg UrFe ____ 
	HgSn ____ SnHg UrFe ____ PbAg ____ AuAu ____ AgPb ____ FeUr 
	AuAu ____ AgPb ____ FeUr HgSn ____ SnHg UrFe ____ PbAg ____ 
	SnHg UrFe ____ PbAg ____ AuAu ____ AgPb ____ FeUr HgSn ____ 
	AgPb ____ FeUr HgSn ____ SnHg UrFe ____ PbAg ____ AuAu ____ 
	____ PbAg ____ AuAu ____ AgPb ____ FeUr HgSn ____ SnHg UrFe 
	FeUr HgSn ____ SnHg UrFe ____ PbAg ____ AuAu ____ AgPb ____ 

	j3-bfbfb
	FeUr HgSn ____ SnHg UrFe ____ PbAg ____ AuAu ____ AgPb ____ 
	PbAg ____ AuAu ____ AgPb ____ FeUr HgSn ____ SnHg UrFe ____ 
	FeUr HgSn ____ SnHg UrFe ____ PbAg ____ AuAu ____ AgPb ____ 
	PbAg ____ AuAu ____ AgPb ____ FeUr HgSn ____ SnHg UrFe ____ 
	FeUr HgSn ____ SnHg UrFe ____ PbAg ____ AuAu ____ AgPb ____ 

	j3-cgdae
	____ PbAg ____ AuAu ____ AgPb ____ FeUr HgSn ____ SnHg UrFe 
	AgPb ____ FeUr HgSn ____ SnHg UrFe ____ PbAg ____ AuAu ____ 
	SnHg UrFe ____ PbAg ____ AuAu ____ AgPb ____ FeUr HgSn ____ 
	AuAu ____ AgPb ____ FeUr HgSn ____ SnHg UrFe ____ PbAg ____ 
	HgSn ____ SnHg UrFe ____ PbAg ____ AuAu ____ AgPb ____ FeUr 

	j3-eadgbe
	____ PbAg ____ AuAu ____ AgPb ____ FeUr HgSn ____ SnHg UrFe 
	FeUr HgSn ____ SnHg UrFe ____ PbAg ____ AuAu ____ AgPb ____ 
	AuAu ____ AgPb ____ FeUr HgSn ____ SnHg UrFe ____ PbAg ____ 
	SnHg UrFe ____ PbAg ____ AuAu ____ AgPb ____ FeUr HgSn ____ 
	AgPb ____ FeUr HgSn ____ SnHg UrFe ____ PbAg ____ AuAu ____ 
	____ PbAg ____ AuAu ____ AgPb ____ FeUr HgSn ____ SnHg UrFe 

	j3-fkbjdn
	SnHg UrFe ____ PbAg ____ AuAu ____ AgPb ____ FeUr HgSn ____ 
	____ FeUr HgSn ____ SnHg UrFe ____ PbAg ____ AuAu ____ AgPb 
	____ AuAu ____ AgPb ____ FeUr HgSn ____ SnHg UrFe ____ PbAg 
	SnHg UrFe ____ PbAg ____ AuAu ____ AgPb ____ FeUr HgSn ____ 
	____ FeUr HgSn ____ SnHg UrFe ____ PbAg ____ AuAu ____ AgPb 
	____ AuAu ____ AgPb ____ FeUr HgSn ____ SnHg UrFe ____ PbAg 

true

	dune exec stoa :help

	dune exec stoa :keys

	dune exec stoa :mars

	dune exec stoa n0 j3

	dune exec stoa :all | sensible-pager
  

	ocaml kolmogorov.ml --help

	ocaml kolmogorov.ml --keys

	ocaml kolmogorov.ml --mars

	ocaml kolmogorov.ml n0 j3

	ocaml kolmogorov.ml --all | sensible-pager
  

	k1	k2	k5	k6

	n0

	j2	j3	j5	j6


	k6	
	n0	
	j2	j3	j6


	i0	j2
	j3	j5	j6	k1	k2	k5	k6	n0

